Archive member included to satisfy reference by file (symbol)

/usr/lib/gcc/arm-none-eabi/9.2.1/../../../arm-none-eabi/lib/thumb/v7e-m/nofp/libg_nano.a(lib_a-errno.o)
                              ./system/src/newlib/_sbrk.o (__errno)
/usr/lib/gcc/arm-none-eabi/9.2.1/../../../arm-none-eabi/lib/thumb/v7e-m/nofp/libg_nano.a(lib_a-impure.o)
                              /usr/lib/gcc/arm-none-eabi/9.2.1/../../../arm-none-eabi/lib/thumb/v7e-m/nofp/libg_nano.a(lib_a-errno.o) (_impure_ptr)
/usr/lib/gcc/arm-none-eabi/9.2.1/../../../arm-none-eabi/lib/thumb/v7e-m/nofp/libg_nano.a(lib_a-memmove.o)
                              ./src/boot.o (memmove)
/usr/lib/gcc/arm-none-eabi/9.2.1/../../../arm-none-eabi/lib/thumb/v7e-m/nofp/libg_nano.a(lib_a-memset.o)
                              ./src/app.o (memset)

Allocating common symbols
Common symbol       size              file

errno               0x4               ./system/src/newlib/_syscalls.o
uwTick              0x4               ./system/src/stm32f7-hal/stm32f7xx_hal.o
pFlash              0x1c              ./system/src/stm32f7-hal/stm32f7xx_hal_flash.o
huart1              0x70              ./src/app.o

Discarded input sections

 .group         0x0000000000000000        0xc ./system/src/stm32f7-hal/stm32f7xx_hal.o
 .group         0x0000000000000000        0xc ./system/src/stm32f7-hal/stm32f7xx_hal.o
 .group         0x0000000000000000        0xc ./system/src/stm32f7-hal/stm32f7xx_hal.o
 .group         0x0000000000000000        0xc ./system/src/stm32f7-hal/stm32f7xx_hal.o
 .group         0x0000000000000000        0xc ./system/src/stm32f7-hal/stm32f7xx_hal.o
 .group         0x0000000000000000        0xc ./system/src/stm32f7-hal/stm32f7xx_hal.o
 .group         0x0000000000000000        0xc ./system/src/stm32f7-hal/stm32f7xx_hal.o
 .group         0x0000000000000000        0xc ./system/src/stm32f7-hal/stm32f7xx_hal.o
 .group         0x0000000000000000        0xc ./system/src/stm32f7-hal/stm32f7xx_hal.o
 .group         0x0000000000000000        0xc ./system/src/stm32f7-hal/stm32f7xx_hal.o
 .group         0x0000000000000000        0xc ./system/src/stm32f7-hal/stm32f7xx_hal.o
 .group         0x0000000000000000        0xc ./system/src/stm32f7-hal/stm32f7xx_hal.o
 .group         0x0000000000000000        0xc ./system/src/stm32f7-hal/stm32f7xx_hal.o
 .group         0x0000000000000000        0xc ./system/src/stm32f7-hal/stm32f7xx_hal.o
 .group         0x0000000000000000        0xc ./system/src/stm32f7-hal/stm32f7xx_hal.o
 .group         0x0000000000000000        0xc ./system/src/stm32f7-hal/stm32f7xx_hal.o
 .group         0x0000000000000000        0xc ./system/src/stm32f7-hal/stm32f7xx_hal.o
 .group         0x0000000000000000        0xc ./system/src/stm32f7-hal/stm32f7xx_hal.o
 .group         0x0000000000000000        0xc ./system/src/stm32f7-hal/stm32f7xx_hal.o
 .group         0x0000000000000000        0xc ./system/src/stm32f7-hal/stm32f7xx_hal.o
 .group         0x0000000000000000        0xc ./system/src/stm32f7-hal/stm32f7xx_hal.o
 .group         0x0000000000000000        0xc ./system/src/stm32f7-hal/stm32f7xx_hal.o
 .group         0x0000000000000000        0xc ./system/src/stm32f7-hal/stm32f7xx_hal.o
 .group         0x0000000000000000        0xc ./system/src/stm32f7-hal/stm32f7xx_hal.o
 .group         0x0000000000000000        0xc ./system/src/stm32f7-hal/stm32f7xx_hal.o
 .group         0x0000000000000000        0xc ./system/src/stm32f7-hal/stm32f7xx_hal.o
 .group         0x0000000000000000        0xc ./system/src/stm32f7-hal/stm32f7xx_hal.o
 .group         0x0000000000000000        0xc ./system/src/stm32f7-hal/stm32f7xx_hal.o
 .group         0x0000000000000000        0xc ./system/src/stm32f7-hal/stm32f7xx_hal.o
 .group         0x0000000000000000        0xc ./system/src/stm32f7-hal/stm32f7xx_hal.o
 .group         0x0000000000000000        0xc ./system/src/stm32f7-hal/stm32f7xx_hal.o
 .group         0x0000000000000000        0xc ./system/src/stm32f7-hal/stm32f7xx_hal.o
 .group         0x0000000000000000        0xc ./system/src/stm32f7-hal/stm32f7xx_hal.o
 .group         0x0000000000000000        0xc ./system/src/stm32f7-hal/stm32f7xx_hal.o
 .group         0x0000000000000000        0xc ./system/src/stm32f7-hal/stm32f7xx_hal.o
 .group         0x0000000000000000        0xc ./system/src/stm32f7-hal/stm32f7xx_hal.o
 .group         0x0000000000000000        0xc ./system/src/stm32f7-hal/stm32f7xx_hal.o
 .group         0x0000000000000000        0xc ./system/src/stm32f7-hal/stm32f7xx_hal.o
 .group         0x0000000000000000        0xc ./system/src/stm32f7-hal/stm32f7xx_hal.o
 .group         0x0000000000000000        0xc ./system/src/stm32f7-hal/stm32f7xx_hal.o
 .group         0x0000000000000000        0xc ./system/src/stm32f7-hal/stm32f7xx_hal.o
 .group         0x0000000000000000        0xc ./system/src/stm32f7-hal/stm32f7xx_hal.o
 .group         0x0000000000000000        0xc ./system/src/stm32f7-hal/stm32f7xx_hal.o
[...]
Memory Configuration

Name             Origin             Length             Attributes
RAM              0x0000000020000000 0x0000000000050000 xrw
CCMRAM           0x0000000010000000 0x0000000000000000 xrw
FLASH            0x0000000008000000 0x0000000000020000 xr
FLASHB1          0x0000000008020000 0x00000000000e0000 xr
EXTMEMB0         0x0000000000000000 0x0000000000000000 xr
EXTMEMB1         0x0000000000000000 0x0000000000000000 xr
EXTMEMB2         0x0000000000000000 0x0000000000000000 xr
EXTMEMB3         0x0000000000000000 0x0000000000000000 xr
*default*        0x0000000000000000 0xffffffffffffffff

Linker script and memory map

LOAD ./system/src/stm32f7-hal/stm32f7xx_hal.o
LOAD ./system/src/stm32f7-hal/stm32f7xx_hal_cortex.o
LOAD ./system/src/stm32f7-hal/stm32f7xx_hal_crc_ex.o
LOAD ./system/src/stm32f7-hal/stm32f7xx_hal_dfsdm.o
LOAD ./system/src/stm32f7-hal/stm32f7xx_hal_flash.o
LOAD ./system/src/stm32f7-hal/stm32f7xx_hal_flash_ex.o
LOAD ./system/src/stm32f7-hal/stm32f7xx_hal_gpio.o
LOAD ./system/src/stm32f7-hal/stm32f7xx_hal_iwdg.o
LOAD ./system/src/stm32f7-hal/stm32f7xx_hal_jpeg.o
LOAD ./system/src/stm32f7-hal/stm32f7xx_hal_mdios.o
LOAD ./system/src/stm32f7-hal/stm32f7xx_hal_pwr.o
LOAD ./system/src/stm32f7-hal/stm32f7xx_hal_pwr_ex.o
LOAD ./system/src/stm32f7-hal/stm32f7xx_hal_rcc.o
LOAD ./system/src/stm32f7-hal/stm32f7xx_hal_rcc_ex.o
LOAD ./system/src/stm32f7-hal/stm32f7xx_hal_smartcard_ex.o
LOAD ./system/src/stm32f7-hal/stm32f7xx_hal_uart.o
LOAD ./system/src/stm32f7-hal/stm32f7xx_hal_usart.o
LOAD ./system/src/newlib/_cxx.o
LOAD ./system/src/newlib/_exit.o
LOAD ./system/src/newlib/_sbrk.o
LOAD ./system/src/newlib/_startup.o
LOAD ./system/src/newlib/_syscalls.o
LOAD ./system/src/newlib/assert.o
LOAD ./system/src/diag/Trace.o
LOAD ./system/src/diag/trace_impl.o
LOAD ./system/src/cortexm/_initialize_hardware.o
LOAD ./system/src/cortexm/_reset_hardware.o
LOAD ./system/src/cortexm/exception_handlers.o
LOAD ./system/src/cmsis/system_stm32f7xx.o
LOAD ./system/src/cmsis/vectors_stm32f746xx.o
LOAD ./src/_initialize_hardware.o
LOAD ./src/_write.o
LOAD ./src/app.o
LOAD ./src/boot.o
LOAD ./src/main.o
LOAD ./src/stm32f7xx_hal_msp.o
LOAD /usr/lib/gcc/arm-none-eabi/9.2.1/../../../arm-none-eabi/lib/thumb/v7e-m/nofp/libstdc++_nano.a
LOAD /usr/lib/gcc/arm-none-eabi/9.2.1/../../../arm-none-eabi/lib/thumb/v7e-m/nofp/libm.a
START GROUP
LOAD /usr/lib/gcc/arm-none-eabi/9.2.1/thumb/v7e-m/nofp/libgcc.a
LOAD /usr/lib/gcc/arm-none-eabi/9.2.1/../../../arm-none-eabi/lib/thumb/v7e-m/nofp/libg_nano.a
LOAD /usr/lib/gcc/arm-none-eabi/9.2.1/../../../arm-none-eabi/lib/thumb/v7e-m/nofp/libc_nano.a
END GROUP
START GROUP
LOAD /usr/lib/gcc/arm-none-eabi/9.2.1/thumb/v7e-m/nofp/libgcc.a
LOAD /usr/lib/gcc/arm-none-eabi/9.2.1/../../../arm-none-eabi/lib/thumb/v7e-m/nofp/libc_nano.a
END GROUP
                0x0000000020050000                __stack = (ORIGIN (RAM) + LENGTH (RAM))
                0x0000000020050000                _estack = __stack
                0x0000000000000400                __Main_Stack_Size = 0x400
                [!provide]                        PROVIDE (_Main_Stack_Size = __Main_Stack_Size)
                0x000000002004fc00                __Main_Stack_Limit = (__stack - __Main_Stack_Size)
                [!provide]                        PROVIDE (_Main_Stack_Limit = __Main_Stack_Limit)
                0x0000000000000100                _Minimum_Stack_Size = 0x100
                0x0000000020000094                PROVIDE (_Heap_Begin = _end_noinit)
                0x000000002004fc00                PROVIDE (_Heap_Limit = (__stack - __Main_Stack_Size))

.isr_vector     0x0000000008000000      0x36c
 FILL mask 0xff
                0x0000000008000000                __vectors_start = ABSOLUTE (.)
                0x0000000008000000                __vectors_start__ = ABSOLUTE (.)
 *(.isr_vector)
 .isr_vector    0x0000000008000000      0x1c8 ./system/src/cmsis/vectors_stm32f746xx.o
                0x0000000008000000                __isr_vectors
 *(.cfmconfig)
 *(.after_vectors .after_vectors.*)
 .after_vectors
                0x00000000080001c8      0x130 ./system/src/newlib/_startup.o
                0x00000000080001c8                _start
 .after_vectors
                0x00000000080002f8       0x70 ./system/src/cortexm/exception_handlers.o
                0x00000000080002f8                Reset_Handler
                0x00000000080002fe                NMI_Handler
                0x0000000008000302                HardFault_Handler
                0x0000000008000316                HardFault_Handler_C
                0x000000000800031a                MemManage_Handler
                0x000000000800031e                BusFault_Handler
                0x0000000008000332                BusFault_Handler_C
                0x0000000008000336                UsageFault_Handler
                0x000000000800034a                UsageFault_Handler_C
                0x000000000800034e                SVC_Handler
                0x0000000008000352                DebugMon_Handler
                0x0000000008000356                PendSV_Handler
                0x000000000800035a                SysTick_Handler
 .after_vectors
                0x0000000008000368        0x4 ./system/src/cmsis/vectors_stm32f746xx.o
                0x0000000008000368                RTC_Alarm_IRQHandler
                0x0000000008000368                EXTI2_IRQHandler
                0x0000000008000368                TIM8_CC_IRQHandler
                0x0000000008000368                UART8_IRQHandler
                0x0000000008000368                SPI4_IRQHandler
                0x0000000008000368                TIM1_CC_IRQHandler
                0x0000000008000368                DMA2_Stream5_IRQHandler
                0x0000000008000368                DMA1_Stream5_IRQHandler
                0x0000000008000368                PVD_IRQHandler
                0x0000000008000368                TAMP_STAMP_IRQHandler
                0x0000000008000368                CAN2_RX1_IRQHandler
                0x0000000008000368                EXTI3_IRQHandler
                0x0000000008000368                TIM8_TRG_COM_TIM14_IRQHandler
                0x0000000008000368                TIM1_UP_TIM10_IRQHandler
                0x0000000008000368                TIM8_UP_TIM13_IRQHandler
                0x0000000008000368                I2C3_ER_IRQHandler
                0x0000000008000368                EXTI0_IRQHandler
                0x0000000008000368                I2C2_EV_IRQHandler
                0x0000000008000368                DMA1_Stream2_IRQHandler
                0x0000000008000368                CAN1_RX0_IRQHandler
                0x0000000008000368                FPU_IRQHandler
                0x0000000008000368                OTG_HS_WKUP_IRQHandler
                0x0000000008000368                LTDC_ER_IRQHandler
                0x0000000008000368                CAN2_SCE_IRQHandler
                0x0000000008000368                DMA2_Stream2_IRQHandler
                0x0000000008000368                SPI1_IRQHandler
                0x0000000008000368                TIM6_DAC_IRQHandler
                0x0000000008000368                TIM1_BRK_TIM9_IRQHandler
                0x0000000008000368                DCMI_IRQHandler
                0x0000000008000368                CAN2_RX0_IRQHandler
                0x0000000008000368                DMA2_Stream3_IRQHandler
                0x0000000008000368                SAI2_IRQHandler
                0x0000000008000368                USART6_IRQHandler
                0x0000000008000368                USART3_IRQHandler
                0x0000000008000368                CAN1_RX1_IRQHandler
                0x0000000008000368                UART5_IRQHandler
                0x0000000008000368                DMA2_Stream0_IRQHandler
                0x0000000008000368                TIM4_IRQHandler
                0x0000000008000368                QUADSPI_IRQHandler
                0x0000000008000368                I2C1_EV_IRQHandler
                0x0000000008000368                DMA1_Stream6_IRQHandler
                0x0000000008000368                DMA1_Stream1_IRQHandler
                0x0000000008000368                UART4_IRQHandler
                0x0000000008000368                TIM3_IRQHandler
                0x0000000008000368                RCC_IRQHandler
                0x0000000008000368                TIM8_BRK_TIM12_IRQHandler
                0x0000000008000368                Default_Handler
                0x0000000008000368                CEC_IRQHandler
                0x0000000008000368                EXTI15_10_IRQHandler
                0x0000000008000368                ADC_IRQHandler
                0x0000000008000368                DMA1_Stream7_IRQHandler
                0x0000000008000368                SPI5_IRQHandler
                0x0000000008000368                TIM7_IRQHandler
                0x0000000008000368                SDMMC1_IRQHandler
                0x0000000008000368                CAN2_TX_IRQHandler
                0x0000000008000368                TIM5_IRQHandler
                0x0000000008000368                DMA2_Stream7_IRQHandler
                0x0000000008000368                I2C3_EV_IRQHandler
                0x0000000008000368                EXTI9_5_IRQHandler
                0x0000000008000368                RTC_WKUP_IRQHandler
                0x0000000008000368                LTDC_IRQHandler
                0x0000000008000368                ETH_WKUP_IRQHandler
                0x0000000008000368                SPDIF_RX_IRQHandler
                0x0000000008000368                SPI2_IRQHandler
                0x0000000008000368                OTG_HS_EP1_IN_IRQHandler
                0x0000000008000368                DMA1_Stream0_IRQHandler
                0x0000000008000368                CAN1_TX_IRQHandler
                0x0000000008000368                EXTI4_IRQHandler
                0x0000000008000368                RNG_IRQHandler
                0x0000000008000368                ETH_IRQHandler
                0x0000000008000368                OTG_HS_EP1_OUT_IRQHandler
                0x0000000008000368                WWDG_IRQHandler
                0x0000000008000368                SPI6_IRQHandler
                0x0000000008000368                I2C4_EV_IRQHandler
                0x0000000008000368                TIM2_IRQHandler
                0x0000000008000368                OTG_FS_WKUP_IRQHandler
                0x0000000008000368                TIM1_TRG_COM_TIM11_IRQHandler
                0x0000000008000368                OTG_HS_IRQHandler
                0x0000000008000368                DMA2D_IRQHandler
                0x0000000008000368                EXTI1_IRQHandler
                0x0000000008000368                UART7_IRQHandler
                0x0000000008000368                USART2_IRQHandler
                0x0000000008000368                I2C2_ER_IRQHandler
                0x0000000008000368                DMA2_Stream1_IRQHandler
                0x0000000008000368                CAN1_SCE_IRQHandler
                0x0000000008000368                FLASH_IRQHandler
                0x0000000008000368                DMA2_Stream4_IRQHandler
                0x0000000008000368                USART1_IRQHandler
                0x0000000008000368                OTG_FS_IRQHandler
                0x0000000008000368                SPI3_IRQHandler
                0x0000000008000368                DMA1_Stream4_IRQHandler
                0x0000000008000368                I2C1_ER_IRQHandler
                0x0000000008000368                FMC_IRQHandler
                0x0000000008000368                LPTIM1_IRQHandler
                0x0000000008000368                I2C4_ER_IRQHandler
                0x0000000008000368                DMA2_Stream6_IRQHandler
                0x0000000008000368                SAI1_IRQHandler
                0x0000000008000368                DMA1_Stream3_IRQHandler

.inits          0x000000000800036c       0x28
                0x000000000800036c                __data_regions_array_start = .
                0x000000000800036c        0x4 LONG 0x8001a48 LOADADDR (.data)
                0x0000000008000370        0x4 LONG 0x20000000 ADDR (.data)
                0x0000000008000374        0x4 LONG 0x20000014 (ADDR (.data) + SIZEOF (.data))
                0x0000000008000378        0x4 LONG 0x8001a48 LOADADDR (.data_CCMRAM)
                0x000000000800037c        0x4 LONG 0x10000000 ADDR (.data_CCMRAM)
                0x0000000008000380        0x4 LONG 0x10000000 (ADDR (.data_CCMRAM) + SIZEOF (.data_CCMRAM))
                0x0000000008000384                __data_regions_array_end = .
                0x0000000008000384                __bss_regions_array_start = .
                0x0000000008000384        0x4 LONG 0x20000014 ADDR (.bss)
                0x0000000008000388        0x4 LONG 0x20000094 (ADDR (.bss) + SIZEOF (.bss))
                0x000000000800038c        0x4 LONG 0x10000000 ADDR (.bss_CCMRAM)
                0x0000000008000390        0x4 LONG 0x10000000 (ADDR (.bss_CCMRAM) + SIZEOF (.bss_CCMRAM))
                0x0000000008000394                __bss_regions_array_end = .
 *(.init)
 *(.fini)
                0x0000000008000394                . = ALIGN (0x4)
                0x0000000008000394                PROVIDE (__preinit_array_start = .)
 *(.preinit_array_sysinit .preinit_array_sysinit.*)
 *(.preinit_array_platform .preinit_array_platform.*)
 *(.preinit_array .preinit_array.*)
                0x0000000008000394                PROVIDE (__preinit_array_end = .)
                0x0000000008000394                . = ALIGN (0x4)
                0x0000000008000394                PROVIDE (__init_array_start = .)
 *(SORT_BY_NAME(.init_array.*))
 *(.init_array)
                0x0000000008000394                PROVIDE (__init_array_end = .)
                0x0000000008000394                . = ALIGN (0x4)
                0x0000000008000394                PROVIDE (__fini_array_start = .)
 *(SORT_BY_NAME(.fini_array.*))
 *(.fini_array)
                0x0000000008000394                PROVIDE (__fini_array_end = .)

.flashtext
 *(.flashtext .flashtext.*)

.text           0x0000000008000394     0x16b1
 *(.text .text.*)
 .text.HAL_InitTick
                0x0000000008000394       0x2c ./system/src/stm32f7-hal/stm32f7xx_hal.o
                0x0000000008000394                HAL_InitTick
 .text.HAL_Init
                0x00000000080003c0       0x24 ./system/src/stm32f7-hal/stm32f7xx_hal.o
                0x00000000080003c0                HAL_Init
 .text.HAL_GetTick
                0x00000000080003e4        0xc ./system/src/stm32f7-hal/stm32f7xx_hal.o
                0x00000000080003e4                HAL_GetTick
 .text.HAL_Delay
                0x00000000080003f0       0x1c ./system/src/stm32f7-hal/stm32f7xx_hal.o
                0x00000000080003f0                HAL_Delay
 .text.HAL_NVIC_SetPriorityGrouping
                0x000000000800040c       0x3c ./system/src/stm32f7-hal/stm32f7xx_hal_cortex.o
                0x000000000800040c                HAL_NVIC_SetPriorityGrouping
 .text.HAL_NVIC_SetPriority
                0x0000000008000448       0x88 ./system/src/stm32f7-hal/stm32f7xx_hal_cortex.o
                0x0000000008000448                HAL_NVIC_SetPriority
 .text.HAL_SYSTICK_Config
                0x00000000080004d0       0x2c ./system/src/stm32f7-hal/stm32f7xx_hal_cortex.o
                0x00000000080004d0                HAL_SYSTICK_Config
 .text.HAL_RCC_OscConfig
                0x00000000080004fc      0x500 ./system/src/stm32f7-hal/stm32f7xx_hal_rcc.o
                0x00000000080004fc                HAL_RCC_OscConfig
 .text.HAL_RCC_GetSysClockFreq
                0x00000000080009fc       0x94 ./system/src/stm32f7-hal/stm32f7xx_hal_rcc.o
                0x00000000080009fc                HAL_RCC_GetSysClockFreq
 .text.HAL_RCC_ClockConfig
                0x0000000008000a90      0x25c ./system/src/stm32f7-hal/stm32f7xx_hal_rcc.o
                0x0000000008000a90                HAL_RCC_ClockConfig
 .text.HAL_RCC_GetHCLKFreq
                0x0000000008000cec        0xc ./system/src/stm32f7-hal/stm32f7xx_hal_rcc.o
                0x0000000008000cec                HAL_RCC_GetHCLKFreq
 .text.HAL_RCC_GetPCLK1Freq
                0x0000000008000cf8       0x2c ./system/src/stm32f7-hal/stm32f7xx_hal_rcc.o
                0x0000000008000cf8                HAL_RCC_GetPCLK1Freq
 .text.HAL_RCC_GetPCLK2Freq
                0x0000000008000d24       0x2c ./system/src/stm32f7-hal/stm32f7xx_hal_rcc.o
                0x0000000008000d24                HAL_RCC_GetPCLK2Freq
 .text.HAL_UART_MspInit
                0x0000000008000d50        0x2 ./system/src/stm32f7-hal/stm32f7xx_hal_uart.o
                0x0000000008000d50                HAL_UART_MspInit
 .text.UART_WaitOnFlagUntilTimeout
                0x0000000008000d52       0x68 ./system/src/stm32f7-hal/stm32f7xx_hal_uart.o
                0x0000000008000d52                UART_WaitOnFlagUntilTimeout
 .text.HAL_UART_Transmit
                0x0000000008000dba       0xc8 ./system/src/stm32f7-hal/stm32f7xx_hal_uart.o
                0x0000000008000dba                HAL_UART_Transmit
 *fill*         0x0000000008000e82        0x2 
 .text.UART_SetConfig
                0x0000000008000e84      0x478 ./system/src/stm32f7-hal/stm32f7xx_hal_uart.o
                0x0000000008000e84                UART_SetConfig
 .text.UART_AdvFeatureConfig
                0x00000000080012fc      0x218 ./system/src/stm32f7-hal/stm32f7xx_hal_uart.o
                0x00000000080012fc                UART_AdvFeatureConfig
 .text.UART_CheckIdleState
                0x0000000008001514       0x70 ./system/src/stm32f7-hal/stm32f7xx_hal_uart.o
                0x0000000008001514                UART_CheckIdleState
 .text.HAL_UART_Init
                0x0000000008001584      0x110 ./system/src/stm32f7-hal/stm32f7xx_hal_uart.o
                0x0000000008001584                HAL_UART_Init
 .text._exit    0x0000000008001694        0x2 ./system/src/newlib/_exit.o
                0x0000000008001694                _exit
 .text.abort    0x0000000008001696        0x8 ./system/src/newlib/_exit.o
                0x0000000008001696                abort
 *fill*         0x000000000800169e        0x2 
 .text.__initialize_args
                0x00000000080016a0       0x10 ./system/src/newlib/_syscalls.o
                0x00000000080016a0                __initialize_args
 .text.assert_failed
                0x00000000080016b0        0x6 ./system/src/newlib/assert.o
                0x00000000080016b0                assert_failed
 *fill*         0x00000000080016b6        0x2 
 .text.__initialize_hardware_early
                0x00000000080016b8       0x18 ./system/src/cortexm/_initialize_hardware.o
                0x00000000080016b8                __initialize_hardware_early
 .text.SystemInit
                0x00000000080016d0       0x40 ./system/src/cmsis/system_stm32f7xx.o
                0x00000000080016d0                SystemInit
 .text.SystemCoreClockUpdate
                0x0000000008001710       0xa0 ./system/src/cmsis/system_stm32f7xx.o
                0x0000000008001710                SystemCoreClockUpdate
 .text.__initialize_hardware
                0x00000000080017b0       0x80 ./src/_initialize_hardware.o
                0x00000000080017b0                __initialize_hardware
 .text.MX_GPIO_Init
                0x0000000008001830       0x30 ./src/app.o
 .text.MX_USART1_UART_Init
                0x0000000008001860       0x2c ./src/app.o
 .text.SystemClock_Config
                0x000000000800188c       0x52 ./src/app.o
                0x000000000800188c                SystemClock_Config
 .text.HAL_MspInit
                0x00000000080018de        0x2 ./src/stm32f7xx_hal_msp.o
                0x00000000080018de                HAL_MspInit
 .text          0x00000000080018e0       0xa0 /usr/lib/gcc/arm-none-eabi/9.2.1/../../../arm-none-eabi/lib/thumb/v7e-m/nofp/libg_nano.a(lib_a-memset.o)
                0x00000000080018e0                memset
 *(.rodata .rodata.* .constdata .constdata.*)
 .rodata.HAL_NVIC_SetPriorityGrouping.str1.4
                0x0000000008001980       0x31 ./system/src/stm32f7-hal/stm32f7xx_hal_cortex.o
 *fill*         0x00000000080019b1        0x3 
 .rodata.HAL_RCC_OscConfig.str1.4
                0x00000000080019b4       0x2e ./system/src/stm32f7-hal/stm32f7xx_hal_rcc.o
 *fill*         0x00000000080019e2        0x2 
 .rodata.HAL_UART_DeInit.str1.4
                0x00000000080019e4       0x2f ./system/src/stm32f7-hal/stm32f7xx_hal_uart.o
 *fill*         0x0000000008001a13        0x1 
 .rodata.AHBPrescTable
                0x0000000008001a14       0x10 ./system/src/cmsis/system_stm32f7xx.o
                0x0000000008001a14                AHBPrescTable
 .rodata.APBPrescTable
                0x0000000008001a24        0x8 ./system/src/cmsis/system_stm32f7xx.o
                0x0000000008001a24                APBPrescTable
 .rodata        0x0000000008001a2c       0x19 ./src/app.o
 *(vtable)
 *(.eh_frame*)
 *(.glue_7)
 .glue_7        0x0000000008001a45        0x0 linker stubs
 *(.glue_7t)
 .glue_7t       0x0000000008001a45        0x0 linker stubs

.vfp11_veneer   0x0000000008001a48        0x0
 .vfp11_veneer  0x0000000008001a48        0x0 linker stubs

.v4_bx          0x0000000008001a48        0x0
 .v4_bx         0x0000000008001a48        0x0 linker stubs

.iplt           0x0000000008001a48        0x0
 .iplt          0x0000000008001a48        0x0 ./system/src/stm32f7-hal/stm32f7xx_hal.o

.ARM.extab
 *(.ARM.extab* .gnu.linkonce.armextab.*)
                0x0000000008001a48                . = ALIGN (0x4)
                0x0000000008001a48                __exidx_start = .

.ARM.exidx
 *(.ARM.exidx* .gnu.linkonce.armexidx.*)
                0x0000000008001a48                __exidx_end = .
                0x0000000008001a48                . = ALIGN (0x4)
                0x0000000008001a48                _etext = .
                0x0000000008001a48                __etext = .

.data_CCMRAM    0x0000000010000000        0x0 load address 0x0000000008001a48
 FILL mask 0xff
 *(.data.CCMRAM .data.CCMRAM.*)
                0x0000000010000000                . = ALIGN (0x4)
                0x0000000008001a48                _sidata = LOADADDR (.data)

.data           0x0000000020000000       0x14 load address 0x0000000008001a48
 FILL mask 0xff
                0x0000000020000000                _sdata = .
                0x0000000020000000                __data_start__ = .
 *(.data_begin .data_begin.*)
 .data_begin    0x0000000020000000        0x4 ./system/src/newlib/_startup.o
 *(.data .data.*)
 .data.argv.4333
                0x0000000020000004        0x8 ./system/src/newlib/_syscalls.o
 .data.SystemCoreClock
                0x000000002000000c        0x4 ./system/src/cmsis/system_stm32f7xx.o
                0x000000002000000c                SystemCoreClock
 *(.data_end .data_end.*)
 .data_end      0x0000000020000010        0x4 ./system/src/newlib/_startup.o
                0x0000000020000014                . = ALIGN (0x4)
                0x0000000020000014                _edata = .
                0x0000000020000014                __data_end__ = .

.igot.plt       0x0000000020000014        0x0 load address 0x0000000008001a5c
 .igot.plt      0x0000000020000014        0x0 ./system/src/stm32f7-hal/stm32f7xx_hal.o

.bss_CCMRAM     0x0000000010000000        0x0
 *(.bss.CCMRAM .bss.CCMRAM.*)

.bss            0x0000000020000014       0x80
                0x0000000020000014                __bss_start__ = .
                0x0000000020000014                _sbss = .
 *(.bss_begin .bss_begin.*)
 .bss_begin     0x0000000020000014        0x4 ./system/src/newlib/_startup.o
 *(.bss .bss.*)
 .bss.name.4332
                0x0000000020000018        0x1 ./system/src/newlib/_syscalls.o
 *(COMMON)
 *fill*         0x0000000020000019        0x3 
 COMMON         0x000000002000001c        0x4 ./system/src/stm32f7-hal/stm32f7xx_hal.o
                0x000000002000001c                uwTick
 COMMON         0x0000000020000020       0x70 ./src/app.o
                0x0000000020000020                huart1
 *(.bss_end .bss_end.*)
 .bss_end       0x0000000020000090        0x4 ./system/src/newlib/_startup.o
                0x0000000020000094                . = ALIGN (0x4)
                0x0000000020000094                __bss_end__ = .
                0x0000000020000094                _ebss = .

.noinit_CCMRAM
 *(.noinit.CCMRAM .noinit.CCMRAM.*)

.noinit         0x0000000020000094        0x0
                0x0000000020000094                _noinit = .
 *(.noinit .noinit.*)
                0x0000000020000094                . = ALIGN (0x4)
                0x0000000020000094                _end_noinit = .
                [!provide]                        PROVIDE (end = _end_noinit)
                [!provide]                        PROVIDE (_end = _end_noinit)
                [!provide]                        PROVIDE (__end = _end_noinit)
                [!provide]                        PROVIDE (__end__ = _end_noinit)

._check_stack   0x0000000020000094      0x100
                0x0000000020000194                . = (. + _Minimum_Stack_Size)
 *fill*         0x0000000020000094      0x100 

.b1text         0x0000000008020000       0x48
 *(.b1text)
 .b1text        0x0000000008020000       0x48 ./src/app.o
                0x0000000008020000                main
 *(.b1rodata)
 *(.b1rodata.*)

.rel.dyn        0x0000000008020048        0x0
 .rel.iplt      0x0000000008020048        0x0 ./system/src/stm32f7-hal/stm32f7xx_hal.o

.eb0text
 *(.eb0text)
 *(.eb0rodata)
 *(.eb0rodata.*)

.eb1text
 *(.eb1text)
 *(.eb1rodata)
 *(.eb1rodata.*)

.eb2text
 *(.eb2text)
 *(.eb2rodata)
 *(.eb2rodata.*)

.eb3text
 *(.eb3text)
 *(.eb3rodata)
 *(.eb3rodata.*)

.stab
 *(.stab)

.stabstr
 *(.stabstr)

.stab.excl
 *(.stab.excl)

.stab.exclstr
 *(.stab.exclstr)

.stab.index
 *(.stab.index)

.stab.indexstr
 *(.stab.indexstr)

.comment        0x0000000000000000       0xa7
 *(.comment)
 .comment       0x0000000000000000       0x59 ./system/src/stm32f7-hal/stm32f7xx_hal.o
                                         0x5a (size before relaxing)
 .comment       0x0000000000000059       0x5a ./system/src/stm32f7-hal/stm32f7xx_hal_cortex.o
 .comment       0x0000000000000059       0x5a ./system/src/stm32f7-hal/stm32f7xx_hal_rcc.o
 .comment       0x0000000000000059       0x5a ./system/src/stm32f7-hal/stm32f7xx_hal_uart.o
 .comment       0x0000000000000059       0x5a ./system/src/newlib/_exit.o
 .comment       0x0000000000000059       0x5a ./system/src/newlib/_startup.o
 .comment       0x0000000000000059       0x5a ./system/src/newlib/_syscalls.o
 .comment       0x0000000000000059       0x5a ./system/src/newlib/assert.o
 .comment       0x0000000000000059       0x5a ./system/src/cortexm/_initialize_hardware.o
 .comment       0x0000000000000059       0x5a ./system/src/cortexm/exception_handlers.o
 .comment       0x0000000000000059       0x5a ./system/src/cmsis/system_stm32f7xx.o
 .comment       0x0000000000000059       0x5a ./system/src/cmsis/vectors_stm32f746xx.o
 .comment       0x0000000000000059       0x5a ./src/_initialize_hardware.o
 .comment       0x0000000000000059       0x5a ./src/app.o
 .comment       0x0000000000000059       0x5a ./src/stm32f7xx_hal_msp.o
 .comment       0x0000000000000059       0x4e /usr/lib/gcc/arm-none-eabi/9.2.1/../../../arm-none-eabi/lib/thumb/v7e-m/nofp/libg_nano.a(lib_a-memset.o)
                                         0x4f (size before relaxing)

.ARM.attributes
                0x0000000000000000       0x2e
 .ARM.attributes
                0x0000000000000000       0x2e ./system/src/stm32f7-hal/stm32f7xx_hal.o
 .ARM.attributes
                0x000000000000002e       0x2e ./system/src/stm32f7-hal/stm32f7xx_hal_cortex.o
 .ARM.attributes
                0x000000000000005c       0x2e ./system/src/stm32f7-hal/stm32f7xx_hal_rcc.o
 .ARM.attributes
                0x000000000000008a       0x2e ./system/src/stm32f7-hal/stm32f7xx_hal_uart.o
 .ARM.attributes
                0x00000000000000b8       0x2e ./system/src/newlib/_exit.o
 .ARM.attributes
                0x00000000000000e6       0x2e ./system/src/newlib/_startup.o
 .ARM.attributes
                0x0000000000000114       0x2e ./system/src/newlib/_syscalls.o
 .ARM.attributes
                0x0000000000000142       0x2e ./system/src/newlib/assert.o
 .ARM.attributes
                0x0000000000000170       0x2e ./system/src/cortexm/_initialize_hardware.o
 .ARM.attributes
                0x000000000000019e       0x2e ./system/src/cortexm/exception_handlers.o
 .ARM.attributes
                0x00000000000001cc       0x2e ./system/src/cmsis/system_stm32f7xx.o
 .ARM.attributes
                0x00000000000001fa       0x2e ./system/src/cmsis/vectors_stm32f746xx.o
 .ARM.attributes
                0x0000000000000228       0x2e ./src/_initialize_hardware.o
 .ARM.attributes
                0x0000000000000256       0x2e ./src/app.o
 .ARM.attributes
                0x0000000000000284       0x2e ./src/stm32f7xx_hal_msp.o
 .ARM.attributes
                0x00000000000002b2       0x2e /usr/lib/gcc/arm-none-eabi/9.2.1/../../../arm-none-eabi/lib/thumb/v7e-m/nofp/libg_nano.a(lib_a-memset.o)

.debug
 *(.debug)

.line
 *(.line)

.debug_srcinfo
 *(.debug_srcinfo)

.debug_sfnames
 *(.debug_sfnames)

.debug_aranges  0x0000000000000000      0x5f0
 *(.debug_aranges)
 .debug_aranges
                0x0000000000000000       0xd0 ./system/src/stm32f7-hal/stm32f7xx_hal.o
 .debug_aranges
                0x00000000000000d0       0x98 ./system/src/stm32f7-hal/stm32f7xx_hal_cortex.o
 .debug_aranges
                0x0000000000000168       0x88 ./system/src/stm32f7-hal/stm32f7xx_hal_rcc.o
 .debug_aranges
                0x00000000000001f0      0x190 ./system/src/stm32f7-hal/stm32f7xx_hal_uart.o
 .debug_aranges
                0x0000000000000380       0x28 ./system/src/newlib/_exit.o
 .debug_aranges
                0x00000000000003a8       0x40 ./system/src/newlib/_startup.o
 .debug_aranges
                0x00000000000003e8       0x30 ./system/src/newlib/_syscalls.o
 .debug_aranges
                0x0000000000000418       0x28 ./system/src/newlib/assert.o
 .debug_aranges
                0x0000000000000440       0x28 ./system/src/cortexm/_initialize_hardware.o
 .debug_aranges
                0x0000000000000468       0x80 ./system/src/cortexm/exception_handlers.o
 .debug_aranges
                0x00000000000004e8       0x28 ./system/src/cmsis/system_stm32f7xx.o
 .debug_aranges
                0x0000000000000510       0x20 ./system/src/cmsis/vectors_stm32f746xx.o
 .debug_aranges
                0x0000000000000530       0x28 ./src/_initialize_hardware.o
 .debug_aranges
                0x0000000000000558       0x40 ./src/app.o
 .debug_aranges
                0x0000000000000598       0x38 ./src/stm32f7xx_hal_msp.o
 .debug_aranges
                0x00000000000005d0       0x20 /usr/lib/gcc/arm-none-eabi/9.2.1/../../../arm-none-eabi/lib/thumb/v7e-m/nofp/libg_nano.a(lib_a-memset.o)

.debug_pubnames
 *(.debug_pubnames)

.debug_info     0x0000000000000000    0x1004f
 *(.debug_info .gnu.linkonce.wi.*)
 .debug_info    0x0000000000000000     0x129d ./system/src/stm32f7-hal/stm32f7xx_hal.o
 .debug_info    0x000000000000129d     0x1dac ./system/src/stm32f7-hal/stm32f7xx_hal_cortex.o
 .debug_info    0x0000000000003049     0x194d ./system/src/stm32f7-hal/stm32f7xx_hal_rcc.o
 .debug_info    0x0000000000004996     0x2702 ./system/src/stm32f7-hal/stm32f7xx_hal_uart.o
 .debug_info    0x0000000000007098      0x9d1 ./system/src/newlib/_exit.o
 .debug_info    0x0000000000007a69      0x573 ./system/src/newlib/_startup.o
 .debug_info    0x0000000000007fdc      0xaae ./system/src/newlib/_syscalls.o
 .debug_info    0x0000000000008a8a      0xa69 ./system/src/newlib/assert.o
 .debug_info    0x00000000000094f3      0xd9a ./system/src/cortexm/_initialize_hardware.o
 .debug_info    0x000000000000a28d      0xbf3 ./system/src/cortexm/exception_handlers.o
 .debug_info    0x000000000000ae80      0xfe2 ./system/src/cmsis/system_stm32f7xx.o
 .debug_info    0x000000000000be62       0xce ./system/src/cmsis/vectors_stm32f746xx.o
 .debug_info    0x000000000000bf30     0x1367 ./src/_initialize_hardware.o
 .debug_info    0x000000000000d297     0x14b8 ./src/app.o
 .debug_info    0x000000000000e74f      0x9df ./src/stm32f7xx_hal_msp.o
 .debug_info    0x000000000000f12e      0xf21 /usr/lib/gcc/arm-none-eabi/9.2.1/../../../arm-none-eabi/lib/thumb/v7e-m/nofp/libg_nano.a(lib_a-memset.o)

.debug_abbrev   0x0000000000000000     0x283e
 *(.debug_abbrev)
 .debug_abbrev  0x0000000000000000      0x310 ./system/src/stm32f7-hal/stm32f7xx_hal.o
 .debug_abbrev  0x0000000000000310      0x470 ./system/src/stm32f7-hal/stm32f7xx_hal_cortex.o
 .debug_abbrev  0x0000000000000780      0x3a2 ./system/src/stm32f7-hal/stm32f7xx_hal_rcc.o
 .debug_abbrev  0x0000000000000b22      0x355 ./system/src/stm32f7-hal/stm32f7xx_hal_uart.o
 .debug_abbrev  0x0000000000000e77      0x226 ./system/src/newlib/_exit.o
 .debug_abbrev  0x000000000000109d      0x1fa ./system/src/newlib/_startup.o
 .debug_abbrev  0x0000000000001297      0x26d ./system/src/newlib/_syscalls.o
 .debug_abbrev  0x0000000000001504      0x234 ./system/src/newlib/assert.o
 .debug_abbrev  0x0000000000001738      0x219 ./system/src/cortexm/_initialize_hardware.o
 .debug_abbrev  0x0000000000001951      0x26e ./system/src/cortexm/exception_handlers.o
 .debug_abbrev  0x0000000000001bbf      0x24c ./system/src/cmsis/system_stm32f7xx.o
 .debug_abbrev  0x0000000000001e0b       0xa5 ./system/src/cmsis/vectors_stm32f746xx.o
 .debug_abbrev  0x0000000000001eb0      0x2d9 ./src/_initialize_hardware.o
 .debug_abbrev  0x0000000000002189      0x303 ./src/app.o
 .debug_abbrev  0x000000000000248c      0x1d9 ./src/stm32f7xx_hal_msp.o
 .debug_abbrev  0x0000000000002665      0x1d9 /usr/lib/gcc/arm-none-eabi/9.2.1/../../../arm-none-eabi/lib/thumb/v7e-m/nofp/libg_nano.a(lib_a-memset.o)

.debug_line     0x0000000000000000     0xa430
 *(.debug_line)
 .debug_line    0x0000000000000000      0xc21 ./system/src/stm32f7-hal/stm32f7xx_hal.o
 .debug_line    0x0000000000000c21      0xf42 ./system/src/stm32f7-hal/stm32f7xx_hal_cortex.o
 .debug_line    0x0000000000001b63     0x1536 ./system/src/stm32f7-hal/stm32f7xx_hal_rcc.o
 .debug_line    0x0000000000003099     0x22aa ./system/src/stm32f7-hal/stm32f7xx_hal_uart.o
 .debug_line    0x0000000000005343      0x29b ./system/src/newlib/_exit.o
 .debug_line    0x00000000000055de      0x552 ./system/src/newlib/_startup.o
 .debug_line    0x0000000000005b30      0x32e ./system/src/newlib/_syscalls.o
 .debug_line    0x0000000000005e5e      0x2bc ./system/src/newlib/assert.o
 .debug_line    0x000000000000611a      0x9bb ./system/src/cortexm/_initialize_hardware.o
 .debug_line    0x0000000000006ad5      0xbae ./system/src/cortexm/exception_handlers.o
 .debug_line    0x0000000000007683      0xa7c ./system/src/cmsis/system_stm32f7xx.o
 .debug_line    0x00000000000080ff       0xd6 ./system/src/cmsis/vectors_stm32f746xx.o
 .debug_line    0x00000000000081d5      0xb47 ./src/_initialize_hardware.o
 .debug_line    0x0000000000008d1c      0xaea ./src/app.o
 .debug_line    0x0000000000009806      0x9bf ./src/stm32f7xx_hal_msp.o
 .debug_line    0x000000000000a1c5      0x26b /usr/lib/gcc/arm-none-eabi/9.2.1/../../../arm-none-eabi/lib/thumb/v7e-m/nofp/libg_nano.a(lib_a-memset.o)

.debug_frame    0x0000000000000000      0xcfc
 *(.debug_frame)
 .debug_frame   0x0000000000000000      0x1a8 ./system/src/stm32f7-hal/stm32f7xx_hal.o
 .debug_frame   0x00000000000001a8      0x17c ./system/src/stm32f7-hal/stm32f7xx_hal_cortex.o
 .debug_frame   0x0000000000000324      0x140 ./system/src/stm32f7-hal/stm32f7xx_hal_rcc.o
 .debug_frame   0x0000000000000464      0x484 ./system/src/stm32f7-hal/stm32f7xx_hal_uart.o
 .debug_frame   0x00000000000008e8       0x38 ./system/src/newlib/_exit.o
 .debug_frame   0x0000000000000920       0x7c ./system/src/newlib/_startup.o
 .debug_frame   0x000000000000099c       0x50 ./system/src/newlib/_syscalls.o
 .debug_frame   0x00000000000009ec       0x40 ./system/src/newlib/assert.o
 .debug_frame   0x0000000000000a2c       0x40 ./system/src/cortexm/_initialize_hardware.o
 .debug_frame   0x0000000000000a6c       0xe8 ./system/src/cortexm/exception_handlers.o
 .debug_frame   0x0000000000000b54       0x30 ./system/src/cmsis/system_stm32f7xx.o
 .debug_frame   0x0000000000000b84       0x20 ./system/src/cmsis/vectors_stm32f746xx.o
 .debug_frame   0x0000000000000ba4       0x48 ./src/_initialize_hardware.o
 .debug_frame   0x0000000000000bec       0x88 ./src/app.o
 .debug_frame   0x0000000000000c74       0x50 ./src/stm32f7xx_hal_msp.o
 .debug_frame   0x0000000000000cc4       0x38 /usr/lib/gcc/arm-none-eabi/9.2.1/../../../arm-none-eabi/lib/thumb/v7e-m/nofp/libg_nano.a(lib_a-memset.o)

.debug_str      0x0000000000000000    0xc14c8
 *(.debug_str)
 .debug_str     0x0000000000000000    0xbcd59 ./system/src/stm32f7-hal/stm32f7xx_hal.o
                                      0xbd1ad (size before relaxing)
 .debug_str     0x00000000000bcd59      0x43f ./system/src/stm32f7-hal/stm32f7xx_hal_cortex.o
                                      0xbd225 (size before relaxing)
 .debug_str     0x00000000000bd198      0x3d0 ./system/src/stm32f7-hal/stm32f7xx_hal_rcc.o
                                      0xbcc1d (size before relaxing)
 .debug_str     0x00000000000bd568      0xa9f ./system/src/stm32f7-hal/stm32f7xx_hal_uart.o
                                      0xbd343 (size before relaxing)
 .debug_str     0x00000000000be007     0x10ff ./system/src/newlib/_exit.o
                                       0x7ac8 (size before relaxing)
 .debug_str     0x00000000000bf106      0x2c6 ./system/src/newlib/_startup.o
                                       0x642f (size before relaxing)
 .debug_str     0x00000000000bf3cc     0x17fe ./system/src/newlib/_syscalls.o
                                       0x824f (size before relaxing)
 .debug_str     0x00000000000c0bca       0xd7 ./system/src/newlib/assert.o
                                       0x85c0 (size before relaxing)
 .debug_str     0x00000000000c0ca1       0x77 ./system/src/cortexm/_initialize_hardware.o
                                      0xbb73d (size before relaxing)
 .debug_str     0x00000000000c0d18      0x1db ./system/src/cortexm/exception_handlers.o
                                      0xbc731 (size before relaxing)
 .debug_str     0x00000000000c0ef3       0x46 ./system/src/cmsis/system_stm32f7xx.o
                                      0xbb7f3 (size before relaxing)
 .debug_str     0x00000000000c0f39       0x59 ./system/src/cmsis/vectors_stm32f746xx.o
                                       0x3939 (size before relaxing)
 .debug_str     0x00000000000c0f92       0x6a ./src/_initialize_hardware.o
                                      0xbcae9 (size before relaxing)
 .debug_str     0x00000000000c0ffc       0x7e ./src/app.o
                                      0xbcf58 (size before relaxing)
 .debug_str     0x00000000000c107a       0x3d ./src/stm32f7xx_hal_msp.o
                                      0xbc6b7 (size before relaxing)
 .debug_str     0x00000000000c10b7      0x411 /usr/lib/gcc/arm-none-eabi/9.2.1/../../../arm-none-eabi/lib/thumb/v7e-m/nofp/libg_nano.a(lib_a-memset.o)
                                        0x909 (size before relaxing)

.debug_loc      0x0000000000000000     0x337b
 *(.debug_loc)
 .debug_loc     0x0000000000000000       0x85 ./system/src/stm32f7-hal/stm32f7xx_hal.o
 .debug_loc     0x0000000000000085      0x8ef ./system/src/stm32f7-hal/stm32f7xx_hal_cortex.o
 .debug_loc     0x0000000000000974      0x7a1 ./system/src/stm32f7-hal/stm32f7xx_hal_rcc.o
 .debug_loc     0x0000000000001115     0x184a ./system/src/stm32f7-hal/stm32f7xx_hal_uart.o
 .debug_loc     0x000000000000295f       0x15 ./system/src/newlib/_exit.o
 .debug_loc     0x0000000000002974      0x49b ./system/src/newlib/_startup.o
 .debug_loc     0x0000000000002e0f       0x6f ./system/src/newlib/_syscalls.o
 .debug_loc     0x0000000000002e7e       0xde ./system/src/newlib/assert.o
 .debug_loc     0x0000000000002f5c      0x16c ./system/src/cmsis/system_stm32f7xx.o
 .debug_loc     0x00000000000030c8       0x82 ./src/_initialize_hardware.o
 .debug_loc     0x000000000000314a      0x231 /usr/lib/gcc/arm-none-eabi/9.2.1/../../../arm-none-eabi/lib/thumb/v7e-m/nofp/libg_nano.a(lib_a-memset.o)

.debug_macinfo
 *(.debug_macinfo)

.debug_weaknames
 *(.debug_weaknames)

.debug_funcnames
 *(.debug_funcnames)

.debug_typenames
 *(.debug_typenames)

.debug_varnames
 *(.debug_varnames)
OUTPUT(bootloader.elf elf32-littlearm)
LOAD linker stubs

.debug_ranges   0x0000000000000000      0x588
 .debug_ranges  0x0000000000000000       0xc0 ./system/src/stm32f7-hal/stm32f7xx_hal.o
 .debug_ranges  0x00000000000000c0       0xe8 ./system/src/stm32f7-hal/stm32f7xx_hal_cortex.o
 .debug_ranges  0x00000000000001a8       0x78 ./system/src/stm32f7-hal/stm32f7xx_hal_rcc.o
 .debug_ranges  0x0000000000000220      0x180 ./system/src/stm32f7-hal/stm32f7xx_hal_uart.o
 .debug_ranges  0x00000000000003a0       0x18 ./system/src/newlib/_exit.o
 .debug_ranges  0x00000000000003b8       0x78 ./system/src/newlib/_startup.o
 .debug_ranges  0x0000000000000430       0x20 ./system/src/newlib/_syscalls.o
 .debug_ranges  0x0000000000000450       0x18 ./system/src/newlib/assert.o
 .debug_ranges  0x0000000000000468       0x18 ./system/src/cortexm/_initialize_hardware.o
 .debug_ranges  0x0000000000000480       0x70 ./system/src/cortexm/exception_handlers.o
 .debug_ranges  0x00000000000004f0       0x18 ./system/src/cmsis/system_stm32f7xx.o
 .debug_ranges  0x0000000000000508       0x10 ./system/src/cmsis/vectors_stm32f746xx.o
 .debug_ranges  0x0000000000000518       0x18 ./src/_initialize_hardware.o
 .debug_ranges  0x0000000000000530       0x30 ./src/app.o
 .debug_ranges  0x0000000000000560       0x28 ./src/stm32f7xx_hal_msp.o

.debug_macro    0x0000000000000000    0x1f3c9
 .debug_macro   0x0000000000000000      0x532 ./system/src/stm32f7-hal/stm32f7xx_hal.o
 .debug_macro   0x0000000000000532      0xaa2 ./system/src/stm32f7-hal/stm32f7xx_hal.o
 .debug_macro   0x0000000000000fd4      0x283 ./system/src/stm32f7-hal/stm32f7xx_hal.o
 .debug_macro   0x0000000000001257       0x2e ./system/src/stm32f7-hal/stm32f7xx_hal.o
 .debug_macro   0x0000000000001285       0x3b ./system/src/stm32f7-hal/stm32f7xx_hal.o
 .debug_macro   0x00000000000012c0      0x34e ./system/src/stm32f7-hal/stm32f7xx_hal.o
 .debug_macro   0x000000000000160e       0x35 ./system/src/stm32f7-hal/stm32f7xx_hal.o
 .debug_macro   0x0000000000001643       0x50 ./system/src/stm32f7-hal/stm32f7xx_hal.o
 .debug_macro   0x0000000000001693     0x1114 ./system/src/stm32f7-hal/stm32f7xx_hal.o
 .debug_macro   0x00000000000027a7     0xaa96 ./system/src/stm32f7-hal/stm32f7xx_hal.o
 .debug_macro   0x000000000000d23d       0x43 ./system/src/stm32f7-hal/stm32f7xx_hal.o
 .debug_macro   0x000000000000d280     0x3520 ./system/src/stm32f7-hal/stm32f7xx_hal.o
 .debug_macro   0x00000000000107a0       0x22 ./system/src/stm32f7-hal/stm32f7xx_hal.o
 .debug_macro   0x00000000000107c2       0x52 ./system/src/stm32f7-hal/stm32f7xx_hal.o
 .debug_macro   0x0000000000010814       0x18 ./system/src/stm32f7-hal/stm32f7xx_hal.o
 .debug_macro   0x000000000001082c       0x94 ./system/src/stm32f7-hal/stm32f7xx_hal.o
 .debug_macro   0x00000000000108c0       0x35 ./system/src/stm32f7-hal/stm32f7xx_hal.o
 .debug_macro   0x00000000000108f5       0x34 ./system/src/stm32f7-hal/stm32f7xx_hal.o
 .debug_macro   0x0000000000010929       0x16 ./system/src/stm32f7-hal/stm32f7xx_hal.o
 .debug_macro   0x000000000001093f       0x57 ./system/src/stm32f7-hal/stm32f7xx_hal.o
 .debug_macro   0x0000000000010996       0x97 ./system/src/stm32f7-hal/stm32f7xx_hal.o
 .debug_macro   0x0000000000010a2d      0x339 ./system/src/stm32f7-hal/stm32f7xx_hal.o
 .debug_macro   0x0000000000010d66       0xfd ./system/src/stm32f7-hal/stm32f7xx_hal.o
 .debug_macro   0x0000000000010e63       0x10 ./system/src/stm32f7-hal/stm32f7xx_hal.o
 .debug_macro   0x0000000000010e73       0x16 ./system/src/stm32f7-hal/stm32f7xx_hal.o
 .debug_macro   0x0000000000010e89       0x43 ./system/src/stm32f7-hal/stm32f7xx_hal.o
 .debug_macro   0x0000000000010ecc       0x34 ./system/src/stm32f7-hal/stm32f7xx_hal.o
 .debug_macro   0x0000000000010f00       0x10 ./system/src/stm32f7-hal/stm32f7xx_hal.o
 .debug_macro   0x0000000000010f10       0x52 ./system/src/stm32f7-hal/stm32f7xx_hal.o
 .debug_macro   0x0000000000010f62      0x182 ./system/src/stm32f7-hal/stm32f7xx_hal.o
 .debug_macro   0x00000000000110e4       0x10 ./system/src/stm32f7-hal/stm32f7xx_hal.o
 .debug_macro   0x00000000000110f4       0x6a ./system/src/stm32f7-hal/stm32f7xx_hal.o
 .debug_macro   0x000000000001115e       0x1c ./system/src/stm32f7-hal/stm32f7xx_hal.o
 .debug_macro   0x000000000001117a       0x52 ./system/src/stm32f7-hal/stm32f7xx_hal.o
 .debug_macro   0x00000000000111cc       0x22 ./system/src/stm32f7-hal/stm32f7xx_hal.o
 .debug_macro   0x00000000000111ee       0x10 ./system/src/stm32f7-hal/stm32f7xx_hal.o
 .debug_macro   0x00000000000111fe       0x40 ./system/src/stm32f7-hal/stm32f7xx_hal.o
 .debug_macro   0x000000000001123e       0xd5 ./system/src/stm32f7-hal/stm32f7xx_hal.o
 .debug_macro   0x0000000000011313       0x1c ./system/src/stm32f7-hal/stm32f7xx_hal.o
 .debug_macro   0x000000000001132f       0x3d ./system/src/stm32f7-hal/stm32f7xx_hal.o
 .debug_macro   0x000000000001136c       0x16 ./system/src/stm32f7-hal/stm32f7xx_hal.o
 .debug_macro   0x0000000000011382      0x16f ./system/src/stm32f7-hal/stm32f7xx_hal.o
 .debug_macro   0x00000000000114f1       0x57 ./system/src/stm32f7-hal/stm32f7xx_hal.o
 .debug_macro   0x0000000000011548     0x18ad ./system/src/stm32f7-hal/stm32f7xx_hal.o
 .debug_macro   0x0000000000012df5      0x6a2 ./system/src/stm32f7-hal/stm32f7xx_hal.o
 .debug_macro   0x0000000000013497      0x11e ./system/src/stm32f7-hal/stm32f7xx_hal.o
 .debug_macro   0x00000000000135b5      0x204 ./system/src/stm32f7-hal/stm32f7xx_hal.o
 .debug_macro   0x00000000000137b9       0x27 ./system/src/stm32f7-hal/stm32f7xx_hal.o
 .debug_macro   0x00000000000137e0      0x24f ./system/src/stm32f7-hal/stm32f7xx_hal.o
 .debug_macro   0x0000000000013a2f       0x41 ./system/src/stm32f7-hal/stm32f7xx_hal.o
 .debug_macro   0x0000000000013a70       0x58 ./system/src/stm32f7-hal/stm32f7xx_hal.o
 .debug_macro   0x0000000000013ac8      0x23a ./system/src/stm32f7-hal/stm32f7xx_hal.o
 .debug_macro   0x0000000000013d02      0x38a ./system/src/stm32f7-hal/stm32f7xx_hal.o
 .debug_macro   0x000000000001408c      0x161 ./system/src/stm32f7-hal/stm32f7xx_hal.o
 .debug_macro   0x00000000000141ed       0xf9 ./system/src/stm32f7-hal/stm32f7xx_hal.o
 .debug_macro   0x00000000000142e6      0x36e ./system/src/stm32f7-hal/stm32f7xx_hal.o
 .debug_macro   0x0000000000014654      0x2e2 ./system/src/stm32f7-hal/stm32f7xx_hal.o
 .debug_macro   0x0000000000014936       0xab ./system/src/stm32f7-hal/stm32f7xx_hal.o
 .debug_macro   0x00000000000149e1       0x4c ./system/src/stm32f7-hal/stm32f7xx_hal.o
 .debug_macro   0x0000000000014a2d       0x2e ./system/src/stm32f7-hal/stm32f7xx_hal.o
 .debug_macro   0x0000000000014a5b      0x20f ./system/src/stm32f7-hal/stm32f7xx_hal.o
 .debug_macro   0x0000000000014c6a       0xe6 ./system/src/stm32f7-hal/stm32f7xx_hal.o
 .debug_macro   0x0000000000014d50       0xa1 ./system/src/stm32f7-hal/stm32f7xx_hal.o
 .debug_macro   0x0000000000014df1       0x3c ./system/src/stm32f7-hal/stm32f7xx_hal.o
 .debug_macro   0x0000000000014e2d      0x22c ./system/src/stm32f7-hal/stm32f7xx_hal.o
 .debug_macro   0x0000000000015059      0xcd5 ./system/src/stm32f7-hal/stm32f7xx_hal.o
 .debug_macro   0x0000000000015d2e      0x149 ./system/src/stm32f7-hal/stm32f7xx_hal.o
 .debug_macro   0x0000000000015e77      0x25d ./system/src/stm32f7-hal/stm32f7xx_hal.o
 .debug_macro   0x00000000000160d4       0x12 ./system/src/stm32f7-hal/stm32f7xx_hal.o
 .debug_macro   0x00000000000160e6      0x516 ./system/src/stm32f7-hal/stm32f7xx_hal.o
 .debug_macro   0x00000000000165fc       0x88 ./system/src/stm32f7-hal/stm32f7xx_hal.o
 .debug_macro   0x0000000000016684       0xce ./system/src/stm32f7-hal/stm32f7xx_hal.o
 .debug_macro   0x0000000000016752       0x10 ./system/src/stm32f7-hal/stm32f7xx_hal.o
 .debug_macro   0x0000000000016762      0x209 ./system/src/stm32f7-hal/stm32f7xx_hal.o
 .debug_macro   0x000000000001696b       0x22 ./system/src/stm32f7-hal/stm32f7xx_hal.o
 .debug_macro   0x000000000001698d       0x90 ./system/src/stm32f7-hal/stm32f7xx_hal.o
 .debug_macro   0x0000000000016a1d      0x1b5 ./system/src/stm32f7-hal/stm32f7xx_hal.o
 .debug_macro   0x0000000000016bd2       0x87 ./system/src/stm32f7-hal/stm32f7xx_hal.o
 .debug_macro   0x0000000000016c59      0x28d ./system/src/stm32f7-hal/stm32f7xx_hal.o
 .debug_macro   0x0000000000016ee6      0x255 ./system/src/stm32f7-hal/stm32f7xx_hal.o
 .debug_macro   0x000000000001713b      0x133 ./system/src/stm32f7-hal/stm32f7xx_hal.o
 .debug_macro   0x000000000001726e      0x10c ./system/src/stm32f7-hal/stm32f7xx_hal.o
 .debug_macro   0x000000000001737a       0x35 ./system/src/stm32f7-hal/stm32f7xx_hal.o
 .debug_macro   0x00000000000173af      0x2e2 ./system/src/stm32f7-hal/stm32f7xx_hal.o
 .debug_macro   0x0000000000017691       0x7b ./system/src/stm32f7-hal/stm32f7xx_hal.o
 .debug_macro   0x000000000001770c      0x313 ./system/src/stm32f7-hal/stm32f7xx_hal.o
 .debug_macro   0x0000000000017a1f      0x4dc ./system/src/stm32f7-hal/stm32f7xx_hal.o
 .debug_macro   0x0000000000017efb       0xd6 ./system/src/stm32f7-hal/stm32f7xx_hal.o
 .debug_macro   0x0000000000017fd1      0x447 ./system/src/stm32f7-hal/stm32f7xx_hal.o
 .debug_macro   0x0000000000018418      0x398 ./system/src/stm32f7-hal/stm32f7xx_hal.o
 .debug_macro   0x00000000000187b0      0x22b ./system/src/stm32f7-hal/stm32f7xx_hal.o
 .debug_macro   0x00000000000189db      0x1ed ./system/src/stm32f7-hal/stm32f7xx_hal.o
 .debug_macro   0x0000000000018bc8      0x2e2 ./system/src/stm32f7-hal/stm32f7xx_hal.o
 .debug_macro   0x0000000000018eaa      0x677 ./system/src/stm32f7-hal/stm32f7xx_hal.o
 .debug_macro   0x0000000000019521      0x24f ./system/src/stm32f7-hal/stm32f7xx_hal.o
 .debug_macro   0x0000000000019770      0x138 ./system/src/stm32f7-hal/stm32f7xx_hal.o
 .debug_macro   0x00000000000198a8      0x4e8 ./system/src/stm32f7-hal/stm32f7xx_hal.o
 .debug_macro   0x0000000000019d90       0x47 ./system/src/stm32f7-hal/stm32f7xx_hal.o
 .debug_macro   0x0000000000019dd7      0x1e5 ./system/src/stm32f7-hal/stm32f7xx_hal.o
 .debug_macro   0x0000000000019fbc       0x29 ./system/src/stm32f7-hal/stm32f7xx_hal.o
 .debug_macro   0x0000000000019fe5       0x58 ./system/src/stm32f7-hal/stm32f7xx_hal.o
 .debug_macro   0x000000000001a03d      0x1c3 ./system/src/stm32f7-hal/stm32f7xx_hal.o
 .debug_macro   0x000000000001a200       0x30 ./system/src/stm32f7-hal/stm32f7xx_hal.o
 .debug_macro   0x000000000001a230       0x58 ./system/src/stm32f7-hal/stm32f7xx_hal.o
 .debug_macro   0x000000000001a288      0x2cd ./system/src/stm32f7-hal/stm32f7xx_hal.o
 .debug_macro   0x000000000001a555       0x10 ./system/src/stm32f7-hal/stm32f7xx_hal.o
 .debug_macro   0x000000000001a565       0xa5 ./system/src/stm32f7-hal/stm32f7xx_hal.o
 .debug_macro   0x000000000001a60a       0x89 ./system/src/stm32f7-hal/stm32f7xx_hal.o
 .debug_macro   0x000000000001a693      0x1df ./system/src/stm32f7-hal/stm32f7xx_hal.o
 .debug_macro   0x000000000001a872      0x119 ./system/src/stm32f7-hal/stm32f7xx_hal.o
 .debug_macro   0x000000000001a98b       0x75 ./system/src/stm32f7-hal/stm32f7xx_hal.o
 .debug_macro   0x000000000001aa00      0x14a ./system/src/stm32f7-hal/stm32f7xx_hal.o
 .debug_macro   0x000000000001ab4a      0x50e ./system/src/stm32f7-hal/stm32f7xx_hal_cortex.o
 .debug_macro   0x000000000001b058      0x532 ./system/src/stm32f7-hal/stm32f7xx_hal_rcc.o
 .debug_macro   0x000000000001b58a      0x516 ./system/src/stm32f7-hal/stm32f7xx_hal_uart.o
 .debug_macro   0x000000000001baa0      0x1ae ./system/src/newlib/_exit.o
 .debug_macro   0x000000000001bc4e      0x10e ./system/src/newlib/_exit.o
 .debug_macro   0x000000000001bd5c       0x8d ./system/src/newlib/_exit.o
 .debug_macro   0x000000000001bde9       0x35 ./system/src/newlib/_exit.o
 .debug_macro   0x000000000001be1e      0x155 ./system/src/newlib/_startup.o
 .debug_macro   0x000000000001bf73      0xaa8 ./system/src/newlib/_startup.o
 .debug_macro   0x000000000001ca1b      0x1ed ./system/src/newlib/_syscalls.o
 .debug_macro   0x000000000001cc08       0x1c ./system/src/newlib/_syscalls.o
 .debug_macro   0x000000000001cc24       0x10 ./system/src/newlib/_syscalls.o
 .debug_macro   0x000000000001cc34       0x10 ./system/src/newlib/_syscalls.o
 .debug_macro   0x000000000001cc44       0x10 ./system/src/newlib/_syscalls.o
 .debug_macro   0x000000000001cc54       0x35 ./system/src/newlib/_syscalls.o
 .debug_macro   0x000000000001cc89      0x12c ./system/src/newlib/_syscalls.o
 .debug_macro   0x000000000001cdb5       0xce ./system/src/newlib/_syscalls.o
 .debug_macro   0x000000000001ce83      0x10c ./system/src/newlib/_syscalls.o
 .debug_macro   0x000000000001cf8f      0x189 ./system/src/newlib/_syscalls.o
 .debug_macro   0x000000000001d118       0x16 ./system/src/newlib/_syscalls.o
 .debug_macro   0x000000000001d12e      0x1c0 ./system/src/newlib/assert.o
 .debug_macro   0x000000000001d2ee       0x1c ./system/src/newlib/assert.o
 .debug_macro   0x000000000001d30a      0x509 ./system/src/cortexm/_initialize_hardware.o
 .debug_macro   0x000000000001d813      0x572 ./system/src/cortexm/exception_handlers.o
 .debug_macro   0x000000000001dd85       0x3b ./system/src/cortexm/exception_handlers.o
 .debug_macro   0x000000000001ddc0       0x22 ./system/src/cortexm/exception_handlers.o
 .debug_macro   0x000000000001dde2       0x16 ./system/src/cortexm/exception_handlers.o
 .debug_macro   0x000000000001ddf8      0x505 ./system/src/cmsis/system_stm32f7xx.o
 .debug_macro   0x000000000001e2fd       0x2a ./system/src/cmsis/vectors_stm32f746xx.o
 .debug_macro   0x000000000001e327      0x508 ./src/_initialize_hardware.o
 .debug_macro   0x000000000001e82f      0x150 ./src/_initialize_hardware.o
 .debug_macro   0x000000000001e97f      0x53c ./src/app.o
 .debug_macro   0x000000000001eebb      0x50e ./src/stm32f7xx_hal_msp.o
